Extracted 5,000 images, 167 identities, 0.06 GB
Extracted 10,000 images, 334 identities, 0.12 GB
Extracted 15,000 images, 500 identities, 0.19 GB
Extracted 20,000 images, 667 identities, 0.25 GB
Extracted 25,000 images, 834 identities, 0.31 GB
Extracted 30,000 images, 1,000 identities, 0.37 GB
Extracted 35,000 images, 1,167 identities, 0.44 GB
Extracted 40,000 images, 1,334 identities, 0.50 GB
Extracted 45,000 images, 1,500 identities, 0.56 GB
Extracted 50,000 images, 1,667 identities, 0.63 GB
Extracted 55,000 images, 1,834 identities, 0.69 GB
Extracted 60,000 images, 2,000 identities, 0.75 GB
Extracted 65,000 images, 2,167 identities, 0.81 GB
Extracted 70,000 images, 2,334 identities, 0.88 GB
Extracted 75,000 images, 2,500 identities, 0.94 GB
Extracted 80,000 images, 2,667 identities, 1.00 GB
Extracted 85,000 images, 2,834 identities, 1.06 GB
Extracted 90,000 images, 3,000 identities, 1.12 GB
Extracted 95,000 images, 3,167 identities, 1.18 GB
Extracted 100,000 images, 3,334 identities, 1.25 GB
Extracted 105,000 images, 3,500 identities, 1.31 GB
Extracted 110,000 images, 3,667 identities, 1.37 GB
Extracted 115,000 images, 3,834 identities, 1.44 GB
Extracted 120,000 images, 4,000 identities, 1.50 GB
Extracted 125,000 images, 4,167 identities, 1.56 GB
Extracted 130,000 images, 4,334 identities, 1.62 GB
Extracted 135,000 images, 4,500 identities, 1.68 GB
Extracted 140,000 images, 4,667 identities, 1.75 GB
Extracted 145,000 images, 4,834 identities, 1.81 GB
Extracted 150,000 images, 5,000 identities, 1.87 GB
Extracted 155,000 images, 5,167 identities, 1.93 GB
Extracted 160,000 images, 5,334 identities, 1.99 GB
Extracted 165,000 images, 5,500 identities, 2.06 GB
Extracted 170,000 images, 5,667 identities, 2.12 GB
Extracted 175,000 images, 5,834 identities, 2.18 GB
Extracted 180,000 images, 6,000 identities, 2.24 GB
Extracted 185,000 images, 6,167 identities, 2.31 GB
Extracted 190,000 images, 6,334 identities, 2.37 GB
Extracted 195,000 images, 6,500 identities, 2.43 GB
Extracted 200,000 images, 6,667 identities, 2.49 GB
Extracted 205,000 images, 6,834 identities, 2.55 GB
Extracted 210,000 images, 7,000 identities, 2.61 GB
Extracted 215,000 images, 7,167 identities, 2.67 GB
Extracted 220,000 images, 7,334 identities, 2.73 GB
Extracted 225,000 images, 7,500 identities, 2.79 GB
Extracted 230,000 images, 7,667 identities, 2.85 GB
Extracted 235,000 images, 7,834 identities, 2.91 GB
Extracted 240,000 images, 8,000 identities, 2.98 GB
Extracted 245,000 images, 8,167 identities, 3.04 GB
Extracted 250,000 images, 8,334 identities, 3.10 GB
Extracted 255,000 images, 8,500 identities, 3.16 GB
EXTRACTION COMPLETE
Total images: 258,930
Total identities: 8,631
Total bytes: 3.21 GB
